This is pdfTeX, Version 3.141592653-2.6-1.40.26 (TeX Live 2025/dev/Debian) (preloaded format=pdflatex 2026.1.29)  1 FEB 2026 22:51
entering extended mode
 restricted \write18 enabled.
 %&-line parsing enabled.
**saranya.tex
(./saranya.tex
LaTeX2e <2024-11-01> patch level 2
L3 programming layer <2025-01-18>
(/home/stafin/texmf/tex/latex/extsizes/extarticle.cls
Document Class: extarticle 1996/10/08 v1.0 Non Standard LaTeX document class
(/home/stafin/texmf/tex/latex/extsizes/size14.clo
File: size14.clo 1999/11/11 v1.4a NON-Standard LaTeX file (size option)
) (/usr/share/texlive/texmf-dist/tex/latex/base/exscale.sty
Package: exscale 2018/09/24 v2.1i Standard LaTeX package exscale
LaTeX Font Info:    Redeclaring symbol font `largesymbols' on input line 57.
LaTeX Font Info:    Overwriting symbol font `largesymbols' in version `normal'
(Font)                  OMX/cmex/m/n --> OMX/cmex/m/n on input line 57.
LaTeX Font Info:    Overwriting symbol font `largesymbols' in version `bold'
(Font)                  OMX/cmex/m/n --> OMX/cmex/m/n on input line 57.
\big@size=\dimen141
)
\c@part=\count196
\c@section=\count197
\c@subsection=\count198
\c@subsubsection=\count199
\c@paragraph=\count266
\c@subparagraph=\count267
\c@figure=\count268
\c@table=\count269
\abovecaptionskip=\skip49
\belowcaptionskip=\skip50
\bibindent=\dimen142
) (/usr/share/texlive/texmf-dist/tex/latex/graphics/graphicx.sty
Package: graphicx 2021/09/16 v1.2d Enhanced LaTeX Graphics (DPC,SPQR)
 (/usr/share/texlive/texmf-dist/tex/latex/graphics/keyval.sty
Package: keyval 2022/05/29 v1.15 key=value parser (DPC)
\KV@toks@=\toks17
) (/usr/share/texlive/texmf-dist/tex/latex/graphics/graphics.sty
Package: graphics 2024/08/06 v1.4g Standard LaTeX Graphics (DPC,SPQR)
 (/usr/share/texlive/texmf-dist/tex/latex/graphics/trig.sty
Package: trig 2023/12/02 v1.11 sin cos tan (DPC)
) (/usr/share/texlive/texmf-dist/tex/latex/graphics-cfg/graphics.cfg
File: graphics.cfg 2016/06/04 v1.11 sample graphics configuration
)
Package graphics Info: Driver file: pdftex.def on input line 106.
 (/usr/share/texlive/texmf-dist/tex/latex/graphics-def/pdftex.def
File: pdftex.def 2024/04/13 v1.2c Graphics/color driver for pdftex
))
\Gin@req@height=\dimen143
\Gin@req@width=\dimen144
) (/usr/share/texlive/texmf-dist/tex/latex/tools/multicol.sty
Package: multicol 2024/09/14 v1.9i multicolumn formatting (FMi)
\c@tracingmulticols=\count270
\mult@box=\box52
\multicol@leftmargin=\dimen145
\c@unbalance=\count271
\c@collectmore=\count272
\doublecol@number=\count273
\multicoltolerance=\count274
\multicolpretolerance=\count275
\full@width=\dimen146
\page@free=\dimen147
\premulticols=\dimen148
\postmulticols=\dimen149
\multicolsep=\skip51
\multicolbaselineskip=\skip52
\partial@page=\box53
\last@line=\box54
\mc@boxedresult=\box55
\maxbalancingoverflow=\dimen150
\mult@rightbox=\box56
\mult@grightbox=\box57
\mult@firstbox=\box58
\mult@gfirstbox=\box59
\@tempa=\box60
\@tempa=\box61
\@tempa=\box62
\@tempa=\box63
\@tempa=\box64
\@tempa=\box65
\@tempa=\box66
\@tempa=\box67
\@tempa=\box68
\@tempa=\box69
\@tempa=\box70
\@tempa=\box71
\@tempa=\box72
\@tempa=\box73
\@tempa=\box74
\@tempa=\box75
\@tempa=\box76
\@tempa=\box77
\@tempa=\box78
\@tempa=\box79
\@tempa=\box80
\@tempa=\box81
\@tempa=\box82
\@tempa=\box83
\@tempa=\box84
\@tempa=\box85
\@tempa=\box86
\@tempa=\box87
\@tempa=\box88
\@tempa=\box89
\@tempa=\box90
\@tempa=\box91
\@tempa=\box92
\@tempa=\box93
\@tempa=\box94
\@tempa=\box95
\c@minrows=\count276
\c@columnbadness=\count277
\c@finalcolumnbadness=\count278
\last@try=\dimen151
\multicolovershoot=\dimen152
\multicolundershoot=\dimen153
\mult@nat@firstbox=\box96
\colbreak@box=\box97
\mc@col@check@num=\count279
) (/usr/share/texlive/texmf-dist/tex/latex/multirow/multirow.sty
Package: multirow 2024/11/12 v2.9 Span multiple rows of a table
\multirow@colwidth=\skip53
\multirow@cntb=\count280
\multirow@dima=\skip54
\bigstrutjot=\dimen154
) (/home/stafin/texmf/tex/latex/ragged2e/ragged2e.sty
Package: ragged2e 2023/06/22 v3.6 ragged2e Package
\CenteringLeftskip=\skip55
\RaggedLeftLeftskip=\skip56
\RaggedRightLeftskip=\skip57
\CenteringRightskip=\skip58
\RaggedLeftRightskip=\skip59
\RaggedRightRightskip=\skip60
\CenteringParfillskip=\skip61
\RaggedLeftParfillskip=\skip62
\RaggedRightParfillskip=\skip63
\JustifyingParfillskip=\skip64
\CenteringParindent=\skip65
\RaggedLeftParindent=\skip66
\RaggedRightParindent=\skip67
\JustifyingParindent=\skip68
) (/home/stafin/texmf/tex/latex/float/float.sty
Package: float 2001/11/08 v1.3d Float enhancements (AL)
\c@float@type=\count281
\float@exts=\toks18
\float@box=\box98
\@float@everytoks=\toks19
\@floatcapt=\box99
) (/home/stafin/texmf/tex/latex/extsizes/extsizes.sty
Package: extsizes 1996/10/08 v1.0 Non Standard LaTeX Package


Package ExtSizes Warning: It is better to use one of the extsizes classes,
 if you can.

(/home/stafin/texmf/tex/latex/extsizes/size14.clo
File: size14.clo 1999/11/11 v1.4a NON-Standard LaTeX file (size option)
)) (/home/stafin/texmf/tex/latex/tabularray/tabularray.sty
Package: tabularray 2025-11-27 v2025C Typeset tabulars and arrays with LaTeX3
\g__tblr_nohyper_int=\count282
\l__tblr_a_int=\count283
\l__tblr_c_int=\count284
\l__tblr_r_int=\count285
\l__tblr_d_dim=\dimen155
\l__tblr_h_dim=\dimen156
\l__tblr_o_dim=\dimen157
\l__tblr_p_dim=\dimen158
\l__tblr_q_dim=\dimen159
\l__tblr_r_dim=\dimen160
\l__tblr_s_dim=\dimen161
\l__tblr_t_dim=\dimen162
\l__tblr_v_dim=\dimen163
\l__tblr_w_dim=\dimen164
\l__tblr_a_box=\box100
\l__tblr_b_box=\box101
\l__tblr_c_box=\box102
\l__tblr_d_box=\box103
\c@tblrcount=\count286
\c@rownum=\count287
\c@colnum=\count288
\c@rowcount=\count289
\c@colcount=\count290
\abovesep=\dimen165
\belowsep=\dimen166
\leftsep=\dimen167
\rightsep=\dimen168
\gTblrLevelInt=\count291
\g__tblr_data_row_key_count_int=\count292
\g__tblr_data_column_key_count_int=\count293
\g__tblr_data_cell_key_count_int=\count294
\g__tblr_array_int=\count295
\l__tblr_key_count_int=\count296
\l__tblr_key_quotient_int=\count297
\l__tblr_key_quotient_two_int=\count298
\l__tblr_key_remainder_int=\count299
\g__tblr_data_str_value_count_int=\count300
\lTblrChildTotalInt=\count301
\lTblrChildHtotalInt=\count302
\lTblrChildVtotalInt=\count303
\l__child_diff_h_int=\count304
\l__child_diff_v_int=\count305
\l__child_sign_h_int=\count306
\l__child_sign_v_int=\count307
\l__child_step_int=\count308
\lTblrDefaultHruleWidthDim=\dimen169
\lTblrDefaultVruleWidthDim=\dimen170
\l__tblr_split_balance_int=\count309
\l__tblr_strut_dp_dim=\dimen171
\l__tblr_strut_ht_dim=\dimen172
\g__tblr_cell_wd_dim=\dimen173
\g__tblr_cell_ht_dim=\dimen174
\g__tblr_cell_head_dim=\dimen175
\g__tblr_cell_foot_dim=\dimen176
\l__tblr_measured_cell_box=\box104
\g__tblr_last_box=\box105
\l__tblr_temp_box=\box106
\l__tblr_column_target_dim=\dimen177
\l__tblr_hfuzz_dim=\dimen178
\l__tblr_caption_box=\box107
\l__tblr_caption_left_box=\box108
\lTblrRowHeadInt=\count310
\lTblrRowFootInt=\count311
\l__tblr_row_head_box=\box109
\l__tblr_row_foot_box=\box110
\l__tblr_row_head_foot_dim=\dimen179
\lTblrTableWidthDim=\dimen180
\l__tblr_table_firsthead_box=\box111
\l__tblr_table_middlehead_box=\box112
\l__tblr_table_lasthead_box=\box113
\l__tblr_table_firstfoot_box=\box114
\l__tblr_table_middlefoot_box=\box115
\l__tblr_table_lastfoot_box=\box116
\l__tblr_remain_height_dim=\dimen181
\l__tblr_next_rows_dim=\dimen182
\l__tblr_page_overfill_dim=\dimen183
\l__tblr_long_from_int=\count312
\l__tblr_long_to_int=\count313
\l__tblr_curr_i_int=\count314
\l__tblr_prev_i_int=\count315
\lTblrTablePageInt=\count316
\l__tblr_table_head_box=\box117
\l__tblr_table_foot_box=\box118
\l__tblr_table_head_foot_dim=\dimen184
\l__tblr_table_head_body_foot_dim=\dimen185
\l__tblr_table_box=\box119
\lTblrRowFirstInt=\count317
\lTblrRowLastInt=\count318
\l__tblr_cover_box_a_dim=\dimen186
\l__tblr_cover_box_b_dim=\dimen187
\l__tblr_table_hlines_box=\box120
\l__tblr_hline_box=\box121
\l__tblr_row_box=\box122
\l__tblr_col_o_wd_dim=\dimen188
\l__tblr_col_b_wd_dim=\dimen189
\l__tblr_hline_leftskip_dim=\dimen190
\l__tblr_hline_rightskip_dim=\dimen191
\l__tblr_row_ht_dim=\dimen192
\l__tblr_row_dp_dim=\dimen193
\l__tblr_row_abovesep_dim=\dimen194
\l__tblr_row_belowsep_dim=\dimen195
\l__tblr_row_vlines_box=\box123
\l__tblr_vline_box=\box124
\l__tblr_cell_box=\box125
\l__tblr_row_upper_dim=\dimen196
\l__tblr_row_lower_dim=\dimen197
\l__tblr_row_vpace_dim=\dimen198
\l__tblr_vline_aboveskip_dim=\dimen199
\l__tblr_vline_belowskip_dim=\dimen256
\lTblrCellRowSpanInt=\count319
\lTblrCellColSpanInt=\count320
\l__tblr_cell_wd_dim=\dimen257
\l__tblr_cell_ht_dim=\dimen258
\lTblrCellAboveBorderWidthDim=\dimen259
\lTblrCellBelowBorderWidthDim=\dimen260
\lTblrCellLeftBorderWidthDim=\dimen261
\lTblrCellRightBorderWidthDim=\dimen262
\l__tblr_diag_box=\box126
\l__tblr_cell_inner_wd_dim=\dimen263
\l__tblr_cell_inner_dp_dim=\dimen264
\l__tblr_cell_hanchor_dim=\dimen265
\l__tblr_last_cell_table_ht_dim=\dimen266
\l__tblr_last_cell_table_dp_dim=\dimen267
\l__tblr_last_vline_wd_dim=\dimen268
\l__tblr_tikz_node_box=\box127
) (/usr/share/texlive/texmf-dist/tex/latex/graphics/color.sty
Package: color 2024/06/23 v1.3e Standard LaTeX Color (DPC)
 (/usr/share/texlive/texmf-dist/tex/latex/graphics-cfg/color.cfg
File: color.cfg 2016/01/02 v1.6 sample color configuration
)
Package color Info: Driver file: pdftex.def on input line 149.
 (/usr/share/texlive/texmf-dist/tex/latex/graphics/mathcolor.ltx)) (/usr/share/texlive/texmf-dist/tex/latex/booktabs/booktabs.sty
Package: booktabs 2020/01/12 v1.61803398 Publication quality tables
\heavyrulewidth=\dimen269
\lightrulewidth=\dimen270
\cmidrulewidth=\dimen271
\belowrulesep=\dimen272
\belowbottomsep=\dimen273
\aboverulesep=\dimen274
\abovetopsep=\dimen275
\cmidrulesep=\dimen276
\cmidrulekern=\dimen277
\defaultaddspace=\dimen278
\@cmidla=\count321
\@cmidlb=\count322
\@aboverulesep=\dimen279
\@belowrulesep=\dimen280
\@thisruleclass=\count323
\@lastruleclass=\count324
\@thisrulewidth=\dimen281
) (/usr/share/texlive/texmf-dist/tex/generic/babel/babel.sty
Package: babel 2025/02/14 v25.4 The multilingual framework for pdfLaTeX, LuaLaTeX and XeLaTeX
\babel@savecnt=\count325
\U@D=\dimen282
\l@unhyphenated=\language3
 (/usr/share/texlive/texmf-dist/tex/generic/babel/txtbabel.def)
\bbl@readstream=\read2
\bbl@dirlevel=\count326
 (/usr/share/texlive/texmf-dist/tex/generic/babel-english/english.ldf
Language: english 2017/06/06 v3.3r English support from the babel system
Package babel Info: Hyphen rules for 'british' set to \l@english
(babel)             (\language0). Reported on input line 82.
Package babel Info: Hyphen rules for 'UKenglish' set to \l@english
(babel)             (\language0). Reported on input line 83.
Package babel Info: Hyphen rules for 'canadian' set to \l@english
(babel)             (\language0). Reported on input line 102.
Package babel Info: Hyphen rules for 'australian' set to \l@english
(babel)             (\language0). Reported on input line 105.
Package babel Info: Hyphen rules for 'newzealand' set to \l@english
(babel)             (\language0). Reported on input line 108.
)) (/usr/share/texlive/texmf-dist/tex/generic/babel/locale/en/babel-english.tex
Package babel Info: Importing font and identification data for english
(babel)             from babel-en.ini. Reported on input line 11.
) (/home/stafin/texmf/tex/latex/csquotes/csquotes.sty
Package: csquotes 2024-04-04 v5.2o context-sensitive quotations (JAW)
 (/usr/share/texlive/texmf-dist/tex/latex/etoolbox/etoolbox.sty
Package: etoolbox 2025/02/11 v2.5l e-TeX tools for LaTeX (JAW)
\etb@tempcnta=\count327
)
\csq@reset=\count328
\csq@gtype=\count329
\csq@glevel=\count330
\csq@qlevel=\count331
\csq@maxlvl=\count332
\csq@tshold=\count333
\csq@ltx@everypar=\toks20
 (/home/stafin/texmf/tex/latex/csquotes/csquotes.def
File: csquotes.def 2024-04-04 v5.2o csquotes generic definitions (JAW)
)
Package csquotes Info: Trying to load configuration file 'csquotes.cfg'...
Package csquotes Info: ... configuration file loaded successfully.
 (/home/stafin/texmf/tex/latex/csquotes/csquotes.cfg
File: csquotes.cfg 
)) (/home/stafin/texmf/tex/latex/biblatex/biblatex.sty
Package: biblatex 2025/07/10 v3.21 programmable bibliographies (PK/MW)
 (/usr/share/texlive/texmf-dist/tex/generic/pdftexcmds/pdftexcmds.sty
Package: pdftexcmds 2020-06-27 v0.33 Utility functions of pdfTeX for LuaTeX (HO)
 (/usr/share/texlive/texmf-dist/tex/generic/infwarerr/infwarerr.sty
Package: infwarerr 2019/12/03 v1.5 Providing info/warning/error messages (HO)
) (/usr/share/texlive/texmf-dist/tex/generic/iftex/iftex.sty
Package: iftex 2024/12/12 v1.0g TeX engine tests
) (/usr/share/texlive/texmf-dist/tex/generic/ltxcmds/ltxcmds.sty
Package: ltxcmds 2023-12-04 v1.26 LaTeX kernel commands for general use (HO)
)
Package pdftexcmds Info: \pdf@primitive is available.
Package pdftexcmds Info: \pdf@ifprimitive is available.
Package pdftexcmds Info: \pdfdraftmode found.
) (/usr/share/texlive/texmf-dist/tex/latex/kvoptions/kvoptions.sty
Package: kvoptions 2022-06-15 v3.15 Key value format for package options (HO)
 (/usr/share/texlive/texmf-dist/tex/latex/kvsetkeys/kvsetkeys.sty
Package: kvsetkeys 2022-10-05 v1.19 Key value parser (HO)
)) (/home/stafin/texmf/tex/latex/logreq/logreq.sty
Package: logreq 2010/08/04 v1.0 xml request logger
\lrq@indent=\count334
 (/home/stafin/texmf/tex/latex/logreq/logreq.def
File: logreq.def 2010/08/04 v1.0 logreq spec v1.0
)) (/usr/share/texlive/texmf-dist/tex/latex/base/ifthen.sty
Package: ifthen 2024/03/16 v1.1e Standard LaTeX ifthen package (DPC)
) (/usr/share/texlive/texmf-dist/tex/latex/url/url.sty
\Urlmuskip=\muskip17
Package: url 2013/09/16  ver 3.4  Verb mode for urls, etc.
)
\c@tabx@nest=\count335
\c@listtotal=\count336
\c@listcount=\count337
\c@liststart=\count338
\c@liststop=\count339
\c@citecount=\count340
\c@citetotal=\count341
\c@multicitecount=\count342
\c@multicitetotal=\count343
\c@instcount=\count344
\c@maxnames=\count345
\c@minnames=\count346
\c@maxitems=\count347
\c@minitems=\count348
\c@citecounter=\count349
\c@maxcitecounter=\count350
\c@savedcitecounter=\count351
\c@uniquelist=\count352
\c@uniquename=\count353
\c@refsection=\count354
\c@refsegment=\count355
\c@maxextratitle=\count356
\c@maxextratitleyear=\count357
\c@maxextraname=\count358
\c@maxextradate=\count359
\c@maxextraalpha=\count360
\c@abbrvpenalty=\count361
\c@highnamepenalty=\count362
\c@lownamepenalty=\count363
\c@maxparens=\count364
\c@parenlevel=\count365
\blx@tempcnta=\count366
\blx@tempcntb=\count367
\blx@tempcntc=\count368
\c@blx@maxsection=\count369
\blx@maxsegment@0=\count370
\blx@notetype=\count371
\blx@parenlevel@text=\count372
\blx@parenlevel@foot=\count373
\blx@sectionciteorder@0=\count374
\blx@sectionciteorderinternal@0=\count375
\blx@entrysetcounter=\count376
\blx@biblioinstance=\count377
\labelnumberwidth=\skip69
\labelalphawidth=\skip70
\biblabelsep=\skip71
\bibitemsep=\skip72
\bibnamesep=\skip73
\bibinitsep=\skip74
\bibparsep=\skip75
\bibhang=\skip76
\blx@bcfin=\read3
\blx@bcfout=\write3
\blx@langwohyphens=\language4
\c@mincomprange=\count378
\c@maxcomprange=\count379
\c@mincompwidth=\count380
Package biblatex Info: Trying to load biblatex default data model...
Package biblatex Info: ... file 'blx-dm.def' found.
 (/home/stafin/texmf/tex/latex/biblatex/blx-dm.def
File: blx-dm.def 2025/07/10 v3.21 biblatex datamodel (PK/MW)
)
Package biblatex Info: Trying to load biblatex custom data model...
Package biblatex Info: ... file 'biblatex-dm.cfg' not found.
\c@afterword=\count381
\c@savedafterword=\count382
\c@annotator=\count383
\c@savedannotator=\count384
\c@author=\count385
\c@savedauthor=\count386
\c@bookauthor=\count387
\c@savedbookauthor=\count388
\c@commentator=\count389
\c@savedcommentator=\count390
\c@editor=\count391
\c@savededitor=\count392
\c@editora=\count393
\c@savededitora=\count394
\c@editorb=\count395
\c@savededitorb=\count396
\c@editorc=\count397
\c@savededitorc=\count398
\c@foreword=\count399
\c@savedforeword=\count400
\c@holder=\count401
\c@savedholder=\count402
\c@introduction=\count403
\c@savedintroduction=\count404
\c@namea=\count405
\c@savednamea=\count406
\c@nameb=\count407
\c@savednameb=\count408
\c@namec=\count409
\c@savednamec=\count410
\c@translator=\count411
\c@savedtranslator=\count412
\c@shortauthor=\count413
\c@savedshortauthor=\count414
\c@shorteditor=\count415
\c@savedshorteditor=\count416
\c@labelname=\count417
\c@savedlabelname=\count418
\c@institution=\count419
\c@savedinstitution=\count420
\c@lista=\count421
\c@savedlista=\count422
\c@listb=\count423
\c@savedlistb=\count424
\c@listc=\count425
\c@savedlistc=\count426
\c@listd=\count427
\c@savedlistd=\count428
\c@liste=\count429
\c@savedliste=\count430
\c@listf=\count431
\c@savedlistf=\count432
\c@location=\count433
\c@savedlocation=\count434
\c@organization=\count435
\c@savedorganization=\count436
\c@origlocation=\count437
\c@savedoriglocation=\count438
\c@origpublisher=\count439
\c@savedorigpublisher=\count440
\c@publisher=\count441
\c@savedpublisher=\count442
\c@language=\count443
\c@savedlanguage=\count444
\c@origlanguage=\count445
\c@savedoriglanguage=\count446
\c@pageref=\count447
\c@savedpageref=\count448
\shorthandwidth=\skip77
\shortjournalwidth=\skip78
\shortserieswidth=\skip79
\shorttitlewidth=\skip80
\shortauthorwidth=\skip81
\shorteditorwidth=\skip82
\locallabelnumberwidth=\skip83
\locallabelalphawidth=\skip84
\localshorthandwidth=\skip85
\localshortjournalwidth=\skip86
\localshortserieswidth=\skip87
\localshorttitlewidth=\skip88
\localshortauthorwidth=\skip89
\localshorteditorwidth=\skip90
Package biblatex Info: Trying to load compatibility code...
Package biblatex Info: ... file 'blx-compat.def' found.
 (/home/stafin/texmf/tex/latex/biblatex/blx-compat.def
File: blx-compat.def 2025/07/10 v3.21 biblatex compatibility (PK/MW)
)
Package biblatex Info: Trying to load generic definitions...
Package biblatex Info: ... file 'biblatex.def' found.
 (/home/stafin/texmf/tex/latex/biblatex/biblatex.def
File: biblatex.def 2025/07/10 v3.21 biblatex compatibility (PK/MW)
\c@textcitecount=\count449
\c@textcitetotal=\count450
\c@textcitemaxnames=\count451
\c@biburlbigbreakpenalty=\count452
\c@biburlbreakpenalty=\count453
\c@biburlnumpenalty=\count454
\c@biburlucpenalty=\count455
\c@biburllcpenalty=\count456
\biburlbigskip=\muskip18
\biburlnumskip=\muskip19
\biburlucskip=\muskip20
\biburllcskip=\muskip21
\c@smartand=\count457
)
Package biblatex Info: Trying to load bibliography style 'numeric'...
Package biblatex Info: ... file 'numeric.bbx' found.
 (/home/stafin/texmf/tex/latex/biblatex/bbx/numeric.bbx
File: numeric.bbx 2025/07/10 v3.21 biblatex bibliography style (PK/MW)
Package biblatex Info: Trying to load bibliography style 'standard'...
Package biblatex Info: ... file 'standard.bbx' found.
 (/home/stafin/texmf/tex/latex/biblatex/bbx/standard.bbx
File: standard.bbx 2025/07/10 v3.21 biblatex bibliography style (PK/MW)
\c@bbx:relatedcount=\count458
\c@bbx:relatedtotal=\count459
))
Package biblatex Info: Trying to load citation style 'numeric'...
Package biblatex Info: ... file 'numeric.cbx' found.
 (/home/stafin/texmf/tex/latex/biblatex/cbx/numeric.cbx
File: numeric.cbx 2025/07/10 v3.21 biblatex citation style (PK/MW)
Package biblatex Info: Redefining '\cite'.
Package biblatex Info: Redefining '\parencite'.
Package biblatex Info: Redefining '\footcite'.
Package biblatex Info: Redefining '\footcitetext'.
Package biblatex Info: Redefining '\smartcite'.
Package biblatex Info: Redefining '\supercite'.
Package biblatex Info: Redefining '\textcite'.
Package biblatex Info: Redefining '\textcites'.
Package biblatex Info: Redefining '\cites'.
Package biblatex Info: Redefining '\parencites'.
Package biblatex Info: Redefining '\smartcites'.
)
Package biblatex Info: Trying to load configuration file...
Package biblatex Info: ... file 'biblatex.cfg' found.
 (/home/stafin/texmf/tex/latex/biblatex/biblatex.cfg
File: biblatex.cfg 
)
Package biblatex Info: Input encoding 'utf8' detected.
Package biblatex Info: Document encoding is UTF8 ....
 (/usr/share/texlive/texmf-dist/tex/latex/l3kernel/expl3.sty
Package: expl3 2025-01-18 L3 programming layer (loader) 

(/usr/share/texlive/texmf-dist/tex/latex/l3backend/l3backend-pdftex.def
File: l3backend-pdftex.def 2024-05-08 L3 backend support: PDF output (pdfTeX)
\l__color_backend_stack_int=\count460
\l__pdf_internal_box=\box128
))
Package biblatex Info: ... and expl3
(biblatex)             2025-01-18 L3 programming layer (loader) 
(biblatex)             is new enough (at least 2020/04/06),
(biblatex)             setting 'casechanger=expl3'.
 (/home/stafin/texmf/tex/latex/biblatex/blx-case-expl3.sty (/usr/share/texlive/texmf-dist/tex/latex/l3packages/xparse/xparse.sty
Package: xparse 2024-08-16 L3 Experimental document command parser
)
Package: blx-case-expl3 2025/07/10 v3.21 expl3 case changing code for biblatex
)) (/usr/share/texlive/texmf-dist/tex/latex/geometry/geometry.sty
Package: geometry 2020/01/02 v5.9 Page Geometry
 (/usr/share/texlive/texmf-dist/tex/generic/iftex/ifvtex.sty
Package: ifvtex 2019/10/25 v1.7 ifvtex legacy package. Use iftex instead.
)
\Gm@cnth=\count461
\Gm@cntv=\count462
\c@Gm@tempcnt=\count463
\Gm@bindingoffset=\dimen283
\Gm@wd@mp=\dimen284
\Gm@odd@mp=\dimen285
\Gm@even@mp=\dimen286
\Gm@layoutwidth=\dimen287
\Gm@layoutheight=\dimen288
\Gm@layouthoffset=\dimen289
\Gm@layoutvoffset=\dimen290
\Gm@dimlist=\toks21
)

Package geometry Warning: Over-specification in `h'-direction.
    `width' (483.69684pt) is ignored.


Package geometry Warning: Over-specification in `v'-direction.
    `height' (731.23582pt) is ignored.

(/usr/share/texlive/texmf-dist/tex/latex/setspace/setspace.sty
Package: setspace 2022/12/04 v6.7b set line spacing
) (/usr/share/texlive/texmf-dist/tex/latex/xcolor/xcolor.sty
Package: xcolor 2024/09/29 v3.02 LaTeX color extensions (UK)
 (/usr/share/texlive/texmf-dist/tex/latex/graphics-cfg/color.cfg
File: color.cfg 2016/01/02 v1.6 sample color configuration
)
Package xcolor Info: Driver file: pdftex.def on input line 274.
LaTeX Info: Redefining \color on input line 762.
 (/usr/share/texlive/texmf-dist/tex/latex/graphics/mathcolor.ltx)
Package xcolor Info: Model `cmy' substituted by `cmy0' on input line 1349.
Package xcolor Info: Model `hsb' substituted by `rgb' on input line 1353.
Package xcolor Info: Model `RGB' extended on input line 1365.
Package xcolor Info: Model `HTML' substituted by `rgb' on input line 1367.
Package xcolor Info: Model `Hsb' substituted by `hsb' on input line 1368.
Package xcolor Info: Model `tHsb' substituted by `hsb' on input line 1369.
Package xcolor Info: Model `HSB' substituted by `hsb' on input line 1370.
Package xcolor Info: Model `Gray' substituted by `gray' on input line 1371.
Package xcolor Info: Model `wave' substituted by `hsb' on input line 1372.
) (/usr/share/texlive/texmf-dist/tex/latex/graphics/dvipsnam.def
File: dvipsnam.def 2016/06/17 v3.0m Driver-dependent file (DPC,SPQR)
) (/home/stafin/texmf/tex/latex/ninecolors/ninecolors.sty
Package: ninecolors 2022-02-13 v2022D Select colors with proper color contrast
)
Package csquotes Info: Checking for multilingual support...
Package csquotes Info: ... found 'babel' package.
Package csquotes Info: Adjusting default style.
Package csquotes Info: Redefining alias 'default' -> 'english'.
 (build/saranya.aux)
\openout1 = `saranya.aux'.

LaTeX Font Info:    Checking defaults for OML/cmm/m/it on input line 47.
LaTeX Font Info:    ... okay on input line 47.
LaTeX Font Info:    Checking defaults for OMS/cmsy/m/n on input line 47.
LaTeX Font Info:    ... okay on input line 47.
LaTeX Font Info:    Checking defaults for OT1/cmr/m/n on input line 47.
LaTeX Font Info:    ... okay on input line 47.
LaTeX Font Info:    Checking defaults for T1/cmr/m/n on input line 47.
LaTeX Font Info:    ... okay on input line 47.
LaTeX Font Info:    Checking defaults for TS1/cmr/m/n on input line 47.
LaTeX Font Info:    ... okay on input line 47.
LaTeX Font Info:    Checking defaults for OMX/cmex/m/n on input line 47.
LaTeX Font Info:    ... okay on input line 47.
LaTeX Font Info:    Checking defaults for U/cmr/m/n on input line 47.
LaTeX Font Info:    ... okay on input line 47.
 (/usr/share/texlive/texmf-dist/tex/context/base/mkii/supp-pdf.mkii
[Loading MPS to PDF converter (version 2006.09.02).]
\scratchcounter=\count464
\scratchdimen=\dimen291
\scratchbox=\box129
\nofMPsegments=\count465
\nofMParguments=\count466
\everyMPshowfont=\toks22
\MPscratchCnt=\count467
\MPscratchDim=\dimen292
\MPnumerator=\count468
\makeMPintoPDFobject=\count469
\everyMPtoPDFconversion=\toks23
) (/usr/share/texlive/texmf-dist/tex/latex/epstopdf-pkg/epstopdf-base.sty
Package: epstopdf-base 2020-01-24 v2.11 Base part for package epstopdf
Package epstopdf-base Info: Redefining graphics rule for `.eps' on input line 485.
 (/usr/share/texlive/texmf-dist/tex/latex/latexconfig/epstopdf-sys.cfg
File: epstopdf-sys.cfg 2010/07/13 v1.3 Configuration of (r)epstopdf for TeX Live
))
Package biblatex Info: Trying to load language 'english'...
Package biblatex Info: ... file 'english.lbx' found.
 (/home/stafin/texmf/tex/latex/biblatex/lbx/english.lbx
File: english.lbx 2025/07/10 v3.21 biblatex localization (PK/MW)
)
Package biblatex Info: Input encoding 'utf8' detected.
Package biblatex Info: Automatic encoding selection.
(biblatex)             Assuming data encoding 'utf8'.
\openout3 = `saranya.bcf'.

Package biblatex Info: Trying to load bibliographic data...
Package biblatex Info: ... file 'saranya.bbl' found.
 (build/saranya.bbl)
Package biblatex Info: Reference section=0 on input line 47.
Package biblatex Info: Reference segment=0 on input line 47.

*geometry* driver: auto-detecting
*geometry* detected driver: pdftex
*geometry* verbose mode - [ preamble ] result:
* driver: pdftex
* paper: a4paper
* layout: <same size as paper>
* layoutoffset:(h,v)=(0.0pt,0.0pt)
* modes: 
* h-part:(L,W,R)=(85.35826pt, 455.24411pt, 56.9055pt)
* v-part:(T,H,B)=(99.58464pt, 603.19843pt, 142.26378pt)
* \paperwidth=597.50787pt
* \paperheight=845.04684pt
* \textwidth=455.24411pt
* \textheight=603.19843pt
* \oddsidemargin=13.08827pt
* \evensidemargin=13.08827pt
* \topmargin=-11.68535pt
* \headheight=14.0pt
* \headsep=25.0pt
* \topskip=14.0pt
* \footskip=30.0pt
* \marginparwidth=24.0pt
* \marginparsep=10.0pt
* \columnsep=10.0pt
* \skip\footins=12.0pt plus 4.0pt minus 2.0pt
* \hoffset=0.0pt
* \voffset=0.0pt
* \mag=1000
* \@twocolumnfalse
* \@twosidefalse
* \@mparswitchfalse
* \@reversemarginfalse
* (1in=72.27pt=25.4mm, 1cm=28.453pt)

LaTeX Font Info:    External font `cmex7' loaded for size
(Font)              <7> on input line 51.
<tnmgr_logo.png, id=1, 201.75375pt x 285.065pt>
File: tnmgr_logo.png Graphic file (type png)
<use tnmgr_logo.png>
Package pdftex.def Info: tnmgr_logo.png  used on input line 55.
(pdftex.def)             Requested size: 151.31493pt x 213.79822pt.


[1

{/var/lib/texmf/fonts/map/pdftex/updmap/pdftex.map} <./tnmgr_logo.png>]
File: tnmgr_logo.png Graphic file (type png)
<use tnmgr_logo.png>
Package pdftex.def Info: tnmgr_logo.png  used on input line 76.
(pdftex.def)             Requested size: 151.31493pt x 213.79822pt.


[2]

[1]
LaTeX Font Info:    External font `cmex7' loaded for size
(Font)              <6> on input line 110.


[2]

[3]

[4]

[5] (build/saranya.toc)
\tf@toc=\write4
\openout4 = `saranya.toc'.



[6]

[1]

[2]

[3]

[4]

[5]

[6]

[7]

[8]

[9]

[10]

[11]

[12]

[13]
<figures/saranya_1.pdf, id=77, 437.635pt x 359.3425pt>
File: figures/saranya_1.pdf Graphic file (type pdf)
<use figures/saranya_1.pdf>
Package pdftex.def Info: figures/saranya_1.pdf  used on input line 307.
(pdftex.def)             Requested size: 432.48051pt x 355.11412pt.


[14 <./figures/saranya_1.pdf>]
LaTeX Font Info:    Trying to load font information for OML+cmr on input line 319.
 (/usr/share/texlive/texmf-dist/tex/latex/base/omlcmr.fd
File: omlcmr.fd 2024/11/19 v2.5n Standard LaTeX font definitions
)
LaTeX Font Info:    Font shape `OML/cmr/m/n' in size <14.4> not available
(Font)              Font shape `OML/cmm/m/it' tried instead on input line 319.
<figures/saranya_2.pdf, id=98, 552.0625pt x 359.3425pt>
File: figures/saranya_2.pdf Graphic file (type pdf)
<use figures/saranya_2.pdf>
Package pdftex.def Info: figures/saranya_2.pdf  used on input line 328.
(pdftex.def)             Requested size: 432.48051pt x 281.51971pt.


[15

 <./figures/saranya_2.pdf>]
<figures/saranya_3.pdf, id=119, 437.635pt x 359.3425pt>
File: figures/saranya_3.pdf Graphic file (type pdf)
<use figures/saranya_3.pdf>
Package pdftex.def Info: figures/saranya_3.pdf  used on input line 347.
(pdftex.def)             Requested size: 432.48051pt x 355.11412pt.


[16

 <./figures/saranya_3.pdf>]
<figures/saranya_4.pdf, id=140, 437.635pt x 359.3425pt>
File: figures/saranya_4.pdf Graphic file (type pdf)
<use figures/saranya_4.pdf>
Package pdftex.def Info: figures/saranya_4.pdf  used on input line 366.
(pdftex.def)             Requested size: 432.48051pt x 355.11412pt.


[17

 <./figures/saranya_4.pdf>]
<figures/saranya_6.pdf, id=163, 423.5825pt x 359.3425pt>
File: figures/saranya_6.pdf Graphic file (type pdf)
<use figures/saranya_6.pdf>
Package pdftex.def Info: figures/saranya_6.pdf  used on input line 388.
(pdftex.def)             Requested size: 341.43307pt x 289.66214pt.


[18

 <./figures/saranya_6.pdf>]
<figures/saranya_7.pdf, id=184, 437.635pt x 359.3425pt>
File: figures/saranya_7.pdf Graphic file (type pdf)
<use figures/saranya_7.pdf>
Package pdftex.def Info: figures/saranya_7.pdf  used on input line 407.
(pdftex.def)             Requested size: 432.48051pt x 355.11412pt.


[19

 <./figures/saranya_7.pdf>]
<figures/saranya_8.pdf, id=205, 437.635pt x 359.3425pt>
File: figures/saranya_8.pdf Graphic file (type pdf)
<use figures/saranya_8.pdf>
Package pdftex.def Info: figures/saranya_8.pdf  used on input line 426.
(pdftex.def)             Requested size: 386.96027pt x 317.7357pt.


[20

 <./figures/saranya_8.pdf>]
<figures/saranya_10.pdf, id=226, 437.635pt x 359.3425pt>
File: figures/saranya_10.pdf Graphic file (type pdf)
<use figures/saranya_10.pdf>
Package pdftex.def Info: figures/saranya_10.pdf  used on input line 446.
(pdftex.def)             Requested size: 432.48051pt x 355.11412pt.


[21

 <./figures/saranya_10.pdf>]
<figures/saranya_11.pdf, id=247, 437.635pt x 359.3425pt>
File: figures/saranya_11.pdf Graphic file (type pdf)
<use figures/saranya_11.pdf>
Package pdftex.def Info: figures/saranya_11.pdf  used on input line 465.
(pdftex.def)             Requested size: 386.96027pt x 317.7357pt.


[22

 <./figures/saranya_11.pdf>]
<figures/saranya_14.pdf, id=268, 454.69875pt x 416.55624pt>
File: figures/saranya_14.pdf Graphic file (type pdf)
<use figures/saranya_14.pdf>
Package pdftex.def Info: figures/saranya_14.pdf  used on input line 485.
(pdftex.def)             Requested size: 341.43307pt x 312.79778pt.


[23

 <./figures/saranya_14.pdf>]
<figures/saranya_15.pdf, id=290, 454.69875pt x 430.60875pt>
File: figures/saranya_15.pdf Graphic file (type pdf)
<use figures/saranya_15.pdf>
Package pdftex.def Info: figures/saranya_15.pdf  used on input line 505.
(pdftex.def)             Requested size: 341.43307pt x 323.34999pt.


[24

 <./figures/saranya_15.pdf>]
<figures/saranya_16.pdf, id=312, 552.0625pt x 359.3425pt>
File: figures/saranya_16.pdf Graphic file (type pdf)
<use figures/saranya_16.pdf>
Package pdftex.def Info: figures/saranya_16.pdf  used on input line 524.
(pdftex.def)             Requested size: 432.48051pt x 281.51971pt.


[25

 <./figures/saranya_16.pdf>]
<figures/saranya_17.pdf, id=333, 552.0625pt x 359.3425pt>
File: figures/saranya_17.pdf Graphic file (type pdf)
<use figures/saranya_17.pdf>
Package pdftex.def Info: figures/saranya_17.pdf  used on input line 543.
(pdftex.def)             Requested size: 432.48051pt x 281.51971pt.


[26

 <./figures/saranya_17.pdf>]
<figures/saranya_18.pdf, id=355, 552.0625pt x 359.3425pt>
File: figures/saranya_18.pdf Graphic file (type pdf)
<use figures/saranya_18.pdf>
Package pdftex.def Info: figures/saranya_18.pdf  used on input line 562.
(pdftex.def)             Requested size: 432.48051pt x 281.51971pt.


[27

 <./figures/saranya_18.pdf>]
<figures/saranya_19.pdf, id=376, 437.635pt x 359.3425pt>
File: figures/saranya_19.pdf Graphic file (type pdf)
<use figures/saranya_19.pdf>
Package pdftex.def Info: figures/saranya_19.pdf  used on input line 581.
(pdftex.def)             Requested size: 432.48051pt x 355.11412pt.


[28

 <./figures/saranya_19.pdf>]
<figures/saranya_20.pdf, id=397, 437.635pt x 359.3425pt>
File: figures/saranya_20.pdf Graphic file (type pdf)
<use figures/saranya_20.pdf>
Package pdftex.def Info: figures/saranya_20.pdf  used on input line 600.
(pdftex.def)             Requested size: 432.48051pt x 355.11412pt.


[29

 <./figures/saranya_20.pdf>]
<figures/saranya_21.pdf, id=419, 437.635pt x 359.3425pt>
File: figures/saranya_21.pdf Graphic file (type pdf)
<use figures/saranya_21.pdf>
Package pdftex.def Info: figures/saranya_21.pdf  used on input line 619.
(pdftex.def)             Requested size: 432.48051pt x 355.11412pt.


[30

 <./figures/saranya_21.pdf>]
<figures/saranya_22.pdf, id=440, 552.0625pt x 359.3425pt>
File: figures/saranya_22.pdf Graphic file (type pdf)
<use figures/saranya_22.pdf>
Package pdftex.def Info: figures/saranya_22.pdf  used on input line 638.
(pdftex.def)             Requested size: 432.48051pt x 281.51971pt.


[31

 <./figures/saranya_22.pdf>]
<figures/saranya_23.pdf, id=462, 437.635pt x 359.3425pt>
File: figures/saranya_23.pdf Graphic file (type pdf)
<use figures/saranya_23.pdf>
Package pdftex.def Info: figures/saranya_23.pdf  used on input line 657.
(pdftex.def)             Requested size: 432.48051pt x 355.11412pt.


[32

 <./figures/saranya_23.pdf>]
<figures/saranya_24.pdf, id=483, 437.635pt x 359.3425pt>
File: figures/saranya_24.pdf Graphic file (type pdf)
<use figures/saranya_24.pdf>
Package pdftex.def Info: figures/saranya_24.pdf  used on input line 676.
(pdftex.def)             Requested size: 432.48051pt x 355.11412pt.


[33

 <./figures/saranya_24.pdf>]
<figures/saranya_25.pdf, id=504, 437.635pt x 359.3425pt>
File: figures/saranya_25.pdf Graphic file (type pdf)
<use figures/saranya_25.pdf>
Package pdftex.def Info: figures/saranya_25.pdf  used on input line 696.
(pdftex.def)             Requested size: 432.48051pt x 355.11412pt.


[34

 <./figures/saranya_25.pdf>]
<figures/saranya_26.pdf, id=525, 437.635pt x 359.3425pt>
File: figures/saranya_26.pdf Graphic file (type pdf)
<use figures/saranya_26.pdf>
Package pdftex.def Info: figures/saranya_26.pdf  used on input line 716.
(pdftex.def)             Requested size: 432.48051pt x 355.11412pt.


[35

 <./figures/saranya_26.pdf>]

[36

]

[37]

[38]

[39]

[40]

[41]

[42]

[43]

LaTeX Warning: Empty bibliography on input line 769.



[44]

[45




]

[46

]

[47]

[48]

[49]

[50]

[51]

[52]

[53] (build/saranya.aux)
 ***********
LaTeX2e <2024-11-01> patch level 2
L3 programming layer <2025-01-18>
 ***********
Package logreq Info: Writing requests to 'saranya.run.xml'.
\openout1 = `saranya.run.xml'.

 ) 
Here is how much of TeX's memory you used:
 15246 strings out of 475178
 306016 string characters out of 5766539
 1159413 words of memory out of 5000000
 38095 multiletter control sequences out of 15000+600000
 565551 words of font info for 59 fonts, out of 8000000 for 9000
 14 hyphenation exceptions out of 8191
 66i,14n,90p,1510b,1765s stack positions out of 10000i,1000n,20000p,200000b,200000s
 </home/stafin/.texlive2025/texmf-var/fonts/pk/ljfour/jknappen/ec/tcrm1440.600pk></usr/share/texlive/texmf-dist/fonts/type1/public/amsfonts/cm/cmbx12.pfb></usr/share/texlive/texmf-dist/fonts/type1/public/amsfonts/cm/cmmi12.pfb></usr/share/texlive/texmf-dist/fonts/type1/public/amsfonts/cm/cmr12.pfb></usr/share/texlive/texmf-dist/fonts/type1/public/amsfonts/cm/cmsy10.pfb>
Output written on build/saranya.pdf (61 pages, 978575 bytes).
PDF statistics:
 630 PDF objects out of 1000 (max. 8388607)
 441 compressed objects within 5 object streams
 0 named destinations out of 1000 (max. 500000)
 116 words of extra memory for PDF output out of 10000 (max. 10000000)

